// Jest Snapshot v1, https://goo.gl/fbAQLP

exports[`should create an action to set language 1`] = `
Object {
  "payload": Object {
    "lang": "en",
  },
  "type": "SET_LANGUAGE",
}
`;
