// Jest Snapshot v1, https://goo.gl/fbAQLP

exports[`should handle SET_IS_MOBILE 1`] = `
Object {
  "isMobile": false,
}
`;
