// Jest Snapshot v1, https://goo.gl/fbAQLP

exports[`should handle SET_LANGUAGE 1`] = `
Object {
  "lang": "en",
}
`;
